[09-04 16:03:13]: [INFO] Created column 'regdate' and set the current timestamp, 1757001793469, to all 0 rows
[09-04 16:03:13]: [INFO] SQLite Setup finished
[09-04 16:03:13]: [INFO] No supported permissions system found! Permissions are disabled!
[09-04 16:03:14]: [WARN] WARNING! The protectInventory feature requires ProtocolLib! Disabling it...
[09-04 16:03:14]: [INFO] AuthMe 5.6.0 build n.CUSTOM successfully enabled!
[09-04 16:03:15]: [INFO] Downloading GEO IP database, because the old database is older than 30 days or doesn't exist
[09-04 16:03:15]: [WARN] No MaxMind credentials found in the configuration file! GeoIp protections will be disabled.
[09-04 16:03:15]: [INFO] There is no newer GEO IP database uploaded to MaxMind. Using the old one for now.
[09-04 16:03:15]: [WARN] Could not download GeoLiteAPI database [FileNotFoundException]: plugins/AuthMe/GeoLite2-Country.mmdb (No such file or directory)
[09-04 16:03:15]: java.io.FileNotFoundException: plugins/AuthMe/GeoLite2-Country.mmdb (No such file or directory)
	at java.base/java.io.RandomAccessFile.open0(Native Method)
	at java.base/java.io.RandomAccessFile.open(RandomAccessFile.java:344)
	at java.base/java.io.RandomAccessFile.<init>(RandomAccessFile.java:259)
	at java.base/java.io.RandomAccessFile.<init>(RandomAccessFile.java:213)
	at fr.xephi.authme.libs.com.maxmind.db.BufferHolder.<init>(BufferHolder.java:20)
	at fr.xephi.authme.libs.com.maxmind.db.Reader.<init>(Reader.java:121)
	at fr.xephi.authme.service.GeoIpService.startReading(GeoIpService.java:179)
	at fr.xephi.authme.service.GeoIpService.updateDatabase(GeoIpService.java:150)
	at org.bukkit.craftbukkit.v1_12_R1.scheduler.CraftTask.run(CraftTask.java:64)
	at org.bukkit.craftbukkit.v1_12_R1.scheduler.CraftAsyncTask.run(CraftAsyncTask.java:52)
	at com.destroystokyo.paper.ServerSchedulerReportingWrapper.run(ServerSchedulerReportingWrapper.java:22)
	at java.base/java.util.concurrent.ThreadPoolExecutor.runWorker(ThreadPoolExecutor.java:1136)
	at java.base/java.util.concurrent.ThreadPoolExecutor$Worker.run(ThreadPoolExecutor.java:635)
	at java.base/java.lang.Thread.run(Thread.java:840)

[09-04 16:03:35]: [FINE] Technoblade registered 172.31.69.34
[09-04 16:03:35]: [FINE] Technoblade logged in 172.31.69.34
[09-04 16:12:32]: [INFO] AuthMe 5.6.0-bCUSTOM disabled!
[09-04 16:24:12]: [INFO] SQLite Setup finished
[09-04 16:24:12]: [INFO] No supported permissions system found! Permissions are disabled!
[09-04 16:24:12]: [WARN] WARNING! The protectInventory feature requires ProtocolLib! Disabling it...
[09-04 16:24:12]: [INFO] AuthMe 5.6.0 build n.CUSTOM successfully enabled!
[09-04 16:24:13]: [INFO] Downloading GEO IP database, because the old database is older than 30 days or doesn't exist
[09-04 16:24:13]: [WARN] No MaxMind credentials found in the configuration file! GeoIp protections will be disabled.
[09-04 16:24:13]: [INFO] There is no newer GEO IP database uploaded to MaxMind. Using the old one for now.
[09-04 16:24:13]: [WARN] Could not download GeoLiteAPI database [FileNotFoundException]: plugins/AuthMe/GeoLite2-Country.mmdb (No such file or directory)
[09-04 16:24:13]: java.io.FileNotFoundException: plugins/AuthMe/GeoLite2-Country.mmdb (No such file or directory)
	at java.base/java.io.RandomAccessFile.open0(Native Method)
	at java.base/java.io.RandomAccessFile.open(RandomAccessFile.java:344)
	at java.base/java.io.RandomAccessFile.<init>(RandomAccessFile.java:259)
	at java.base/java.io.RandomAccessFile.<init>(RandomAccessFile.java:213)
	at fr.xephi.authme.libs.com.maxmind.db.BufferHolder.<init>(BufferHolder.java:20)
	at fr.xephi.authme.libs.com.maxmind.db.Reader.<init>(Reader.java:121)
	at fr.xephi.authme.service.GeoIpService.startReading(GeoIpService.java:179)
	at fr.xephi.authme.service.GeoIpService.updateDatabase(GeoIpService.java:150)
	at org.bukkit.craftbukkit.v1_12_R1.scheduler.CraftTask.run(CraftTask.java:64)
	at org.bukkit.craftbukkit.v1_12_R1.scheduler.CraftAsyncTask.run(CraftAsyncTask.java:52)
	at com.destroystokyo.paper.ServerSchedulerReportingWrapper.run(ServerSchedulerReportingWrapper.java:22)
	at java.base/java.util.concurrent.ThreadPoolExecutor.runWorker(ThreadPoolExecutor.java:1136)
	at java.base/java.util.concurrent.ThreadPoolExecutor$Worker.run(ThreadPoolExecutor.java:635)
	at java.base/java.lang.Thread.run(Thread.java:840)

[09-04 16:26:11]: [FINE] Technoblade logged in 172.31.69.34
[09-04 16:26:54]: [INFO] AuthMe 5.6.0-bCUSTOM disabled!
[09-04 16:27:27]: [INFO] SQLite Setup finished
[09-04 16:27:27]: [INFO] No supported permissions system found! Permissions are disabled!
[09-04 16:27:27]: [WARN] WARNING! The protectInventory feature requires ProtocolLib! Disabling it...
[09-04 16:27:27]: [INFO] AuthMe 5.6.0 build n.CUSTOM successfully enabled!
[09-04 16:27:29]: [INFO] Downloading GEO IP database, because the old database is older than 30 days or doesn't exist
[09-04 16:27:29]: [WARN] No MaxMind credentials found in the configuration file! GeoIp protections will be disabled.
[09-04 16:27:29]: [INFO] There is no newer GEO IP database uploaded to MaxMind. Using the old one for now.
[09-04 16:27:29]: [WARN] Could not download GeoLiteAPI database [FileNotFoundException]: plugins/AuthMe/GeoLite2-Country.mmdb (No such file or directory)
[09-04 16:27:29]: java.io.FileNotFoundException: plugins/AuthMe/GeoLite2-Country.mmdb (No such file or directory)
	at java.base/java.io.RandomAccessFile.open0(Native Method)
	at java.base/java.io.RandomAccessFile.open(RandomAccessFile.java:344)
	at java.base/java.io.RandomAccessFile.<init>(RandomAccessFile.java:259)
	at java.base/java.io.RandomAccessFile.<init>(RandomAccessFile.java:213)
	at fr.xephi.authme.libs.com.maxmind.db.BufferHolder.<init>(BufferHolder.java:20)
	at fr.xephi.authme.libs.com.maxmind.db.Reader.<init>(Reader.java:121)
	at fr.xephi.authme.service.GeoIpService.startReading(GeoIpService.java:179)
	at fr.xephi.authme.service.GeoIpService.updateDatabase(GeoIpService.java:150)
	at org.bukkit.craftbukkit.v1_12_R1.scheduler.CraftTask.run(CraftTask.java:64)
	at org.bukkit.craftbukkit.v1_12_R1.scheduler.CraftAsyncTask.run(CraftAsyncTask.java:52)
	at com.destroystokyo.paper.ServerSchedulerReportingWrapper.run(ServerSchedulerReportingWrapper.java:22)
	at java.base/java.util.concurrent.ThreadPoolExecutor.runWorker(ThreadPoolExecutor.java:1136)
	at java.base/java.util.concurrent.ThreadPoolExecutor$Worker.run(ThreadPoolExecutor.java:635)
	at java.base/java.lang.Thread.run(Thread.java:840)

[09-04 16:27:41]: [FINE] Technoblade logged in 172.31.69.34
[09-05 11:43:50]: [INFO] SQLite Setup finished
[09-05 11:43:50]: [INFO] No supported permissions system found! Permissions are disabled!
[09-05 11:43:51]: [WARN] WARNING! The protectInventory feature requires ProtocolLib! Disabling it...
[09-05 11:43:51]: [INFO] AuthMe 5.6.0 build n.CUSTOM successfully enabled!
[09-05 11:43:52]: [INFO] Downloading GEO IP database, because the old database is older than 30 days or doesn't exist
[09-05 11:43:52]: [WARN] No MaxMind credentials found in the configuration file! GeoIp protections will be disabled.
[09-05 11:43:52]: [INFO] There is no newer GEO IP database uploaded to MaxMind. Using the old one for now.
[09-05 11:43:52]: [WARN] Could not download GeoLiteAPI database [FileNotFoundException]: plugins/AuthMe/GeoLite2-Country.mmdb (No such file or directory)
[09-05 11:43:52]: java.io.FileNotFoundException: plugins/AuthMe/GeoLite2-Country.mmdb (No such file or directory)
	at java.base/java.io.RandomAccessFile.open0(Native Method)
	at java.base/java.io.RandomAccessFile.open(RandomAccessFile.java:344)
	at java.base/java.io.RandomAccessFile.<init>(RandomAccessFile.java:259)
	at java.base/java.io.RandomAccessFile.<init>(RandomAccessFile.java:213)
	at fr.xephi.authme.libs.com.maxmind.db.BufferHolder.<init>(BufferHolder.java:20)
	at fr.xephi.authme.libs.com.maxmind.db.Reader.<init>(Reader.java:121)
	at fr.xephi.authme.service.GeoIpService.startReading(GeoIpService.java:179)
	at fr.xephi.authme.service.GeoIpService.updateDatabase(GeoIpService.java:150)
	at org.bukkit.craftbukkit.v1_12_R1.scheduler.CraftTask.run(CraftTask.java:64)
	at org.bukkit.craftbukkit.v1_12_R1.scheduler.CraftAsyncTask.run(CraftAsyncTask.java:52)
	at com.destroystokyo.paper.ServerSchedulerReportingWrapper.run(ServerSchedulerReportingWrapper.java:22)
	at java.base/java.util.concurrent.ThreadPoolExecutor.runWorker(ThreadPoolExecutor.java:1136)
	at java.base/java.util.concurrent.ThreadPoolExecutor$Worker.run(ThreadPoolExecutor.java:635)
	at java.base/java.lang.Thread.run(Thread.java:840)

[09-05 11:44:16]: [FINE] Technoblade logged in 172.31.108.130
[09-05 11:49:57]: [FINE] Technoblade logged in 172.31.108.130
